2025-02-12 20:18:00 | DEBUG | repo=pv243 | action=commit
2025-03-17 14:11:00 | WARN | repo=pv243 | action=pull
2025-03-28 14:00:00 | WARN | repo=pv243 | action=commit
2025-11-07 13:40:00 | WARN | repo=pv243 | action=test | passed=true
2025-06-05 14:06:00 | INFO | repo=pv243 | action=edit | files=3
2025-11-24 13:06:00 | INFO | repo=pv243 | action=commit
2025-09-20 08:00:00 | INFO | repo=pv243 | action=pull
2025-01-13 09:33:00 | INFO | repo=pv243 | action=edit | files=5
2025-07-04 18:23:00 | WARN | repo=pv243 | action=commit
2025-03-08 21:03:00 | WARN | repo=pv243 | action=edit | files=3
2025-10-09 07:12:00 | DEBUG | repo=pv243 | action=commit
2025-11-11 21:17:00 | WARN | repo=pv243 | action=commit
2025-10-06 19:21:00 | WARN | repo=pv243 | action=commit
2025-11-22 21:04:00 | INFO | repo=pv243 | action=commit
2025-02-14 12:00:00 | DEBUG | repo=pv243 | action=commit
2025-11-27 09:23:00 | WARN | repo=pv243 | action=commit
2025-09-11 19:59:00 | INFO | repo=pv243 | action=commit
2025-03-07 12:27:00 | DEBUG | repo=pv243 | action=commit
2025-07-12 18:56:00 | INFO | repo=pv243 | action=commit
2025-05-26 11:39:00 | INFO | repo=pv243 | action=pull
2025-02-02 20:42:00 | INFO | repo=pv243 | action=commit
2025-01-08 07:50:00 | INFO | repo=pv243 | action=commit
2025-01-22 08:54:00 | DEBUG | repo=pv243 | action=commit
2025-05-21 11:47:00 | DEBUG | repo=pv243 | action=pull
2025-02-24 09:02:00 | INFO | repo=pv243 | action=commit
2025-01-28 12:48:00 | DEBUG | repo=pv243 | action=commit
2025-01-17 12:38:00 | DEBUG | repo=pv243 | action=commit
2025-07-15 13:55:00 | WARN | repo=pv243 | action=commit
2025-04-02 21:37:00 | DEBUG | repo=pv243 | action=commit
2025-11-15 14:11:00 | DEBUG | repo=pv243 | action=pull
2025-08-14 10:32:00 | DEBUG | repo=pv243 | action=commit
2025-10-16 19:16:00 | INFO | repo=pv243 | action=commit
2025-07-07 07:11:00 | INFO | repo=pv243 | action=commit
2025-07-02 21:26:00 | INFO | repo=pv243 | action=commit
2025-10-12 14:46:00 | DEBUG | repo=pv243 | action=commit
2025-05-23 07:55:00 | INFO | repo=pv243 | action=commit
2025-03-24 17:17:00 | DEBUG | repo=pv243 | action=commit
2025-08-15 07:22:00 | DEBUG | repo=pv243 | action=commit
2025-07-21 08:33:00 | DEBUG | repo=pv243 | action=edit | files=5
2025-06-07 08:08:00 | DEBUG | repo=pv243 | action=commit
2025-01-06 09:05:00 | WARN | repo=pv243 | action=test | passed=true
2025-03-17 10:31:00 | INFO | repo=pv243 | action=test | passed=true
2025-02-25 16:30:00 | WARN | repo=pv243 | action=test | passed=true
2025-04-11 21:38:00 | INFO | repo=pv243 | action=commit
2025-05-09 11:37:00 | DEBUG | repo=pv243 | action=commit
2025-04-15 17:55:00 | WARN | repo=pv243 | action=edit | files=2
2025-06-19 20:20:00 | DEBUG | repo=pv243 | action=commit
2025-02-09 08:12:00 | WARN | repo=pv243 | action=edit | files=3
2025-04-20 18:32:00 | WARN | repo=pv243 | action=commit
2025-11-15 21:43:00 | DEBUG | repo=pv243 | action=commit
2025-11-03 09:52:00 | DEBUG | repo=pv243 | action=commit
2025-11-15 12:47:00 | WARN | repo=pv243 | action=pull
2025-12-11 17:30:00 | DEBUG | repo=pv243 | action=commit
2025-08-23 07:34:00 | DEBUG | repo=pv243 | action=commit
2025-06-22 18:14:00 | INFO | repo=pv243 | action=commit
2025-06-11 20:44:00 | WARN | repo=pv243 | action=commit
2025-06-01 18:09:00 | WARN | repo=pv243 | action=commit
2025-02-24 08:50:00 | DEBUG | repo=pv243 | action=commit
2025-02-10 11:41:00 | DEBUG | repo=pv243 | action=commit
2025-09-16 09:33:00 | WARN | repo=pv243 | action=test | passed=true
2025-08-02 12:31:00 | INFO | repo=pv243 | action=commit
2025-02-07 08:06:00 | INFO | repo=pv243 | action=commit
2025-06-04 07:00:00 | DEBUG | repo=pv243 | action=commit
2025-03-24 15:00:00 | WARN | repo=pv243 | action=commit
2025-10-12 18:37:00 | DEBUG | repo=pv243 | action=commit
2025-05-08 19:46:00 | INFO | repo=pv243 | action=pull
2025-05-25 07:13:00 | INFO | repo=pv243 | action=commit
2025-05-19 17:00:00 | DEBUG | repo=pv243 | action=commit
2025-09-25 12:55:00 | DEBUG | repo=pv243 | action=edit | files=5
2025-10-11 12:03:00 | INFO | repo=pv243 | action=commit
2025-10-08 13:30:00 | WARN | repo=pv243 | action=commit
2025-07-16 08:06:00 | WARN | repo=pv243 | action=commit
2025-01-15 18:18:00 | INFO | repo=pv243 | action=commit
2025-07-22 16:54:00 | INFO | repo=pv243 | action=commit
2025-02-17 16:07:00 | WARN | repo=pv243 | action=commit
2025-11-25 11:08:00 | INFO | repo=pv243 | action=commit
2025-06-28 20:01:00 | INFO | repo=pv243 | action=test | passed=true
2025-12-20 12:16:00 | DEBUG | repo=pv243 | action=commit
